// Jest Snapshot v1, https://goo.gl/fbAQLP

exports[`Checklist should render correctly with no props 1`] = `
<StyledComponent
  forwardedComponent={
    Object {
      "$$typeof": Symbol(react.forward_ref),
      "attrs": Array [],
      "componentStyle": ComponentStyle {
        "componentId": "sc-bdVaJa",
        "isStatic": true,
        "rules": Array [
          "
  li.false{
    color: red;
  }
  li.true{
    color: green;
  }
",
        ],
      },
      "displayName": "Styled(Checklist)",
      "foldedComponentIds": Array [],
      "render": [Function],
      "styledComponentId": "sc-bdVaJa",
      "target": [Function],
      "toString": [Function],
      "warnTooManyClasses": [Function],
      "withComponent": [Function],
      Symbol(Symbol.hasInstance): [Function],
    }
  }
  forwardedRef={null}
/>
`;
